15:58:54:892 [14888] | INFO  | Initializing crosire's ReShade version '4.1.1.495' (32-bit) built on '2019-01-23 23:34:27' loaded from "C:\\RFD\\Roblox\\v463\\Player\\d3d9.dll" to "C:\\RFD\\Roblox\\v463\\Player\\RobloxPlayerBeta.exe" ...
15:58:55:009 [14888] | INFO  | Registering hooks for "user32.dll" ...
15:58:55:009 [14888] | INFO  | > Libraries loaded.
15:58:55:010 [14888] | INFO  | > Found 13 match(es). Installing ...
15:58:55:036 [14888] | INFO  | Registering hooks for "ws2_32.dll" ...
15:58:55:036 [14888] | INFO  | > Libraries loaded.
15:58:55:036 [14888] | INFO  | > Found 8 match(es). Installing ...
15:58:55:061 [14888] | INFO  | Registering hooks for "C:\\Windows\\system32\\d3d9.dll" ...
15:58:55:061 [14888] | INFO  | > Delayed until first call to an exported function.
15:58:55:061 [14888] | INFO  | Registering hooks for "C:\\Windows\\system32\\d3d10.dll" ...
15:58:55:061 [14888] | INFO  | > Delayed.
15:58:55:061 [14888] | INFO  | Registering hooks for "C:\\Windows\\system32\\d3d10_1.dll" ...
15:58:55:061 [14888] | INFO  | > Delayed.
15:58:55:061 [14888] | INFO  | Registering hooks for "C:\\Windows\\system32\\d3d11.dll" ...
15:58:55:061 [14888] | INFO  | > Libraries loaded.
15:58:55:061 [14888] | INFO  | > Found 2 match(es). Installing ...
15:58:55:087 [14888] | INFO  | Registering hooks for "C:\\Windows\\system32\\dxgi.dll" ...
15:58:55:087 [14888] | INFO  | > Libraries loaded.
15:58:55:087 [14888] | INFO  | > Found 7 match(es). Installing ...
15:58:55:114 [14888] | INFO  | Registering hooks for "C:\\Windows\\system32\\opengl32.dll" ...
15:58:55:120 [14888] | INFO  | > Delayed.
15:58:55:120 [14888] | INFO  | Initialized.
15:58:55:121 [14888] | INFO  | Redirecting 'Direct3DCreate9(32)' ...
15:58:55:155 [14888] | INFO  | Installing export hooks for "C:\\Windows\\system32\\d3d9.dll" ...
15:58:55:155 [14888] | INFO  | > Found 9 match(es). Installing ...
15:58:55:189 [14888] | INFO  | Redirecting 'IDirect3D9::CreateDevice(156E7F20, 0, 1, 000C0912, 0x42, 0019E7F0, 0019E890)' ...
15:58:55:189 [14888] | INFO  | > Dumping presentation parameters:
15:58:55:189 [14888] | INFO  |   +-----------------------------------------+-----------------------------------------+
15:58:55:189 [14888] | INFO  |   | Parameter                               | Value                                   |
15:58:55:189 [14888] | INFO  |   +-----------------------------------------+-----------------------------------------+
15:58:55:189 [14888] | INFO  |   | BackBufferWidth                         | 800                                     |
15:58:55:189 [14888] | INFO  |   | BackBufferHeight                        | 599                                     |
15:58:55:189 [14888] | INFO  |   | BackBufferFormat                        | 22                                      |
15:58:55:189 [14888] | INFO  |   | BackBufferCount                         | 1                                       |
15:58:55:189 [14888] | INFO  |   | MultiSampleType                         | 0                                       |
15:58:55:189 [14888] | INFO  |   | MultiSampleQuality                      | 0                                       |
15:58:55:189 [14888] | INFO  |   | SwapEffect                              | 1                                       |
15:58:55:189 [14888] | INFO  |   | DeviceWindow                            | 000C0912                                |
15:58:55:189 [14888] | INFO  |   | Windowed                                | TRUE                                    |
15:58:55:189 [14888] | INFO  |   | EnableAutoDepthStencil                  | FALSE                                   |
15:58:55:189 [14888] | INFO  |   | AutoDepthStencilFormat                  | 0                                       |
15:58:55:189 [14888] | INFO  |   | Flags                                   | 0                                       |
15:58:55:189 [14888] | INFO  |   | FullScreen_RefreshRateInHz              | 0                                       |
15:58:55:189 [14888] | INFO  |   | PresentationInterval                    | 0x80000000                              |
15:58:55:189 [14888] | INFO  |   +-----------------------------------------+-----------------------------------------+
15:58:57:029 [14888] | INFO  | Recreated runtime environment on runtime 035BCBA8.
15:58:57:191 [14888] | INFO  | Redirecting 'Direct3DCreate9(32)' ...
15:58:57:198 [14888] | INFO  | Redirecting 'CreateDXGIFactory1({770AAE78-F26F-4DBA-A829-253C83D1B387}, 0019D9C0)' ...
15:58:57:277 [12044] | INFO  | Redirecting 'RegisterClassExW(1A56FE90)' ...
15:58:57:277 [12044] | INFO  | > Adding 'CS_OWNDC' window class style flag to 'Message'.
15:58:57:424 [14888] | WARN  | Skipping effect search path "E:\\RFD\\Roblox\\v463\\Player\\reshade-shaders\\Shaders" since it is not a valid path to a directory. Opening it failed with error code system:3.
15:58:57:546 [14888] | INFO  | Loading image files for textures ...
15:58:57:582 [14888] | INFO  | Redirecting 'IDirect3DDevice9::Reset(156FD800, 0019F68C)' ...
15:58:57:582 [14888] | INFO  | > Dumping presentation parameters:
15:58:57:582 [14888] | INFO  |   +-----------------------------------------+-----------------------------------------+
15:58:57:582 [14888] | INFO  |   | Parameter                               | Value                                   |
15:58:57:582 [14888] | INFO  |   +-----------------------------------------+-----------------------------------------+
15:58:57:582 [14888] | INFO  |   | BackBufferWidth                         | 1920                                    |
15:58:57:582 [14888] | INFO  |   | BackBufferHeight                        | 1017                                    |
15:58:57:582 [14888] | INFO  |   | BackBufferFormat                        | 22                                      |
15:58:57:582 [14888] | INFO  |   | BackBufferCount                         | 1                                       |
15:58:57:582 [14888] | INFO  |   | MultiSampleType                         | 0                                       |
15:58:57:582 [14888] | INFO  |   | MultiSampleQuality                      | 0                                       |
15:58:57:582 [14888] | INFO  |   | SwapEffect                              | 1                                       |
15:58:57:582 [14888] | INFO  |   | DeviceWindow                            | 000C0912                                |
15:58:57:582 [14888] | INFO  |   | Windowed                                | TRUE                                    |
15:58:57:582 [14888] | INFO  |   | EnableAutoDepthStencil                  | FALSE                                   |
15:58:57:582 [14888] | INFO  |   | AutoDepthStencilFormat                  | 0                                       |
15:58:57:582 [14888] | INFO  |   | Flags                                   | 0                                       |
15:58:57:582 [14888] | INFO  |   | FullScreen_RefreshRateInHz              | 0                                       |
15:58:57:582 [14888] | INFO  |   | PresentationInterval                    | 0x80000000                              |
15:58:57:582 [14888] | INFO  |   +-----------------------------------------+-----------------------------------------+
15:58:57:582 [14888] | INFO  | Destroyed runtime environment on runtime 035BCBA8.
15:58:57:666 [14888] | INFO  | Recreated runtime environment on runtime 035BCBA8.
15:58:57:899 [14888] | WARN  | Skipping effect search path "E:\\RFD\\Roblox\\v463\\Player\\reshade-shaders\\Shaders" since it is not a valid path to a directory. Opening it failed with error code system:3.
15:58:58:002 [14888] | INFO  | Loading image files for textures ...
15:59:16:777 [14888] | INFO  | Redirecting 'IDirect3DDevice9::Reset(156FD800, 0019F68C)' ...
15:59:16:777 [14888] | INFO  | > Dumping presentation parameters:
15:59:16:777 [14888] | INFO  |   +-----------------------------------------+-----------------------------------------+
15:59:16:777 [14888] | INFO  |   | Parameter                               | Value                                   |
15:59:16:777 [14888] | INFO  |   +-----------------------------------------+-----------------------------------------+
15:59:16:777 [14888] | INFO  |   | BackBufferWidth                         | 1                                       |
15:59:16:777 [14888] | INFO  |   | BackBufferHeight                        | 1                                       |
15:59:16:777 [14888] | INFO  |   | BackBufferFormat                        | 22                                      |
15:59:16:777 [14888] | INFO  |   | BackBufferCount                         | 1                                       |
15:59:16:777 [14888] | INFO  |   | MultiSampleType                         | 0                                       |
15:59:16:777 [14888] | INFO  |   | MultiSampleQuality                      | 0                                       |
15:59:16:777 [14888] | INFO  |   | SwapEffect                              | 1                                       |
15:59:16:777 [14888] | INFO  |   | DeviceWindow                            | 000C0912                                |
15:59:16:777 [14888] | INFO  |   | Windowed                                | TRUE                                    |
15:59:16:777 [14888] | INFO  |   | EnableAutoDepthStencil                  | FALSE                                   |
15:59:16:777 [14888] | INFO  |   | AutoDepthStencilFormat                  | 0                                       |
15:59:16:777 [14888] | INFO  |   | Flags                                   | 0                                       |
15:59:16:777 [14888] | INFO  |   | FullScreen_RefreshRateInHz              | 0                                       |
15:59:16:777 [14888] | INFO  |   | PresentationInterval                    | 0x80000000                              |
15:59:16:777 [14888] | INFO  |   +-----------------------------------------+-----------------------------------------+
15:59:16:777 [14888] | INFO  | Destroyed runtime environment on runtime 035BCBA8.
15:59:16:802 [14888] | INFO  | Recreated runtime environment on runtime 035BCBA8.
15:59:17:026 [14888] | WARN  | Skipping effect search path "E:\\RFD\\Roblox\\v463\\Player\\reshade-shaders\\Shaders" since it is not a valid path to a directory. Opening it failed with error code system:3.
15:59:17:310 [14888] | INFO  | Loading image files for textures ...
16:02:35:468 [14888] | INFO  | Redirecting 'IDirect3DDevice9::Reset(156FD800, 0019F68C)' ...
16:02:35:468 [14888] | INFO  | > Dumping presentation parameters:
16:02:35:468 [14888] | INFO  |   +-----------------------------------------+-----------------------------------------+
16:02:35:468 [14888] | INFO  |   | Parameter                               | Value                                   |
16:02:35:468 [14888] | INFO  |   +-----------------------------------------+-----------------------------------------+
16:02:35:468 [14888] | INFO  |   | BackBufferWidth                         | 1920                                    |
16:02:35:468 [14888] | INFO  |   | BackBufferHeight                        | 1017                                    |
16:02:35:468 [14888] | INFO  |   | BackBufferFormat                        | 22                                      |
16:02:35:468 [14888] | INFO  |   | BackBufferCount                         | 1                                       |
16:02:35:468 [14888] | INFO  |   | MultiSampleType                         | 0                                       |
16:02:35:468 [14888] | INFO  |   | MultiSampleQuality                      | 0                                       |
16:02:35:468 [14888] | INFO  |   | SwapEffect                              | 1                                       |
16:02:35:468 [14888] | INFO  |   | DeviceWindow                            | 000C0912                                |
16:02:35:468 [14888] | INFO  |   | Windowed                                | TRUE                                    |
16:02:35:468 [14888] | INFO  |   | EnableAutoDepthStencil                  | FALSE                                   |
16:02:35:468 [14888] | INFO  |   | AutoDepthStencilFormat                  | 0                                       |
16:02:35:468 [14888] | INFO  |   | Flags                                   | 0                                       |
16:02:35:468 [14888] | INFO  |   | FullScreen_RefreshRateInHz              | 0                                       |
16:02:35:468 [14888] | INFO  |   | PresentationInterval                    | 0x80000000                              |
16:02:35:468 [14888] | INFO  |   +-----------------------------------------+-----------------------------------------+
16:02:35:468 [14888] | INFO  | Destroyed runtime environment on runtime 035BCBA8.
16:02:35:654 [14888] | INFO  | Recreated runtime environment on runtime 035BCBA8.
16:02:35:888 [14888] | WARN  | Skipping effect search path "E:\\RFD\\Roblox\\v463\\Player\\reshade-shaders\\Shaders" since it is not a valid path to a directory. Opening it failed with error code system:3.
16:02:35:935 [14888] | INFO  | Loading image files for textures ...
16:02:38:263 [14888] | INFO  | Redirecting 'IDirect3DDevice9::Reset(156FD800, 0019F68C)' ...
16:02:38:263 [14888] | INFO  | > Dumping presentation parameters:
16:02:38:263 [14888] | INFO  |   +-----------------------------------------+-----------------------------------------+
16:02:38:263 [14888] | INFO  |   | Parameter                               | Value                                   |
16:02:38:263 [14888] | INFO  |   +-----------------------------------------+-----------------------------------------+
16:02:38:263 [14888] | INFO  |   | BackBufferWidth                         | 1                                       |
16:02:38:263 [14888] | INFO  |   | BackBufferHeight                        | 1                                       |
16:02:38:263 [14888] | INFO  |   | BackBufferFormat                        | 22                                      |
16:02:38:263 [14888] | INFO  |   | BackBufferCount                         | 1                                       |
16:02:38:263 [14888] | INFO  |   | MultiSampleType                         | 0                                       |
16:02:38:263 [14888] | INFO  |   | MultiSampleQuality                      | 0                                       |
16:02:38:263 [14888] | INFO  |   | SwapEffect                              | 1                                       |
16:02:38:264 [14888] | INFO  |   | DeviceWindow                            | 000C0912                                |
16:02:38:264 [14888] | INFO  |   | Windowed                                | TRUE                                    |
16:02:38:264 [14888] | INFO  |   | EnableAutoDepthStencil                  | FALSE                                   |
16:02:38:264 [14888] | INFO  |   | AutoDepthStencilFormat                  | 0                                       |
16:02:38:264 [14888] | INFO  |   | Flags                                   | 0                                       |
16:02:38:264 [14888] | INFO  |   | FullScreen_RefreshRateInHz              | 0                                       |
16:02:38:264 [14888] | INFO  |   | PresentationInterval                    | 0x80000000                              |
16:02:38:264 [14888] | INFO  |   +-----------------------------------------+-----------------------------------------+
16:02:38:264 [14888] | INFO  | Destroyed runtime environment on runtime 035BCBA8.
16:02:38:285 [14888] | INFO  | Recreated runtime environment on runtime 035BCBA8.
16:02:38:385 [14888] | WARN  | Skipping effect search path "E:\\RFD\\Roblox\\v463\\Player\\reshade-shaders\\Shaders" since it is not a valid path to a directory. Opening it failed with error code system:3.
16:02:38:800 [14888] | INFO  | Loading image files for textures ...
16:03:52:868 [14888] | INFO  | Redirecting 'IDirect3DDevice9::Reset(156FD800, 0019F68C)' ...
16:03:52:869 [14888] | INFO  | > Dumping presentation parameters:
16:03:52:869 [14888] | INFO  |   +-----------------------------------------+-----------------------------------------+
16:03:52:869 [14888] | INFO  |   | Parameter                               | Value                                   |
16:03:52:869 [14888] | INFO  |   +-----------------------------------------+-----------------------------------------+
16:03:52:869 [14888] | INFO  |   | BackBufferWidth                         | 1920                                    |
16:03:52:869 [14888] | INFO  |   | BackBufferHeight                        | 1017                                    |
16:03:52:869 [14888] | INFO  |   | BackBufferFormat                        | 22                                      |
16:03:52:869 [14888] | INFO  |   | BackBufferCount                         | 1                                       |
16:03:52:869 [14888] | INFO  |   | MultiSampleType                         | 0                                       |
16:03:52:869 [14888] | INFO  |   | MultiSampleQuality                      | 0                                       |
16:03:52:869 [14888] | INFO  |   | SwapEffect                              | 1                                       |
16:03:52:869 [14888] | INFO  |   | DeviceWindow                            | 000C0912                                |
16:03:52:869 [14888] | INFO  |   | Windowed                                | TRUE                                    |
16:03:52:869 [14888] | INFO  |   | EnableAutoDepthStencil                  | FALSE                                   |
16:03:52:869 [14888] | INFO  |   | AutoDepthStencilFormat                  | 0                                       |
16:03:52:869 [14888] | INFO  |   | Flags                                   | 0                                       |
16:03:52:869 [14888] | INFO  |   | FullScreen_RefreshRateInHz              | 0                                       |
16:03:52:869 [14888] | INFO  |   | PresentationInterval                    | 0x80000000                              |
16:03:52:869 [14888] | INFO  |   +-----------------------------------------+-----------------------------------------+
16:03:52:869 [14888] | INFO  | Destroyed runtime environment on runtime 035BCBA8.
16:03:52:947 [14888] | INFO  | Recreated runtime environment on runtime 035BCBA8.
16:03:53:248 [14888] | WARN  | Skipping effect search path "E:\\RFD\\Roblox\\v463\\Player\\reshade-shaders\\Shaders" since it is not a valid path to a directory. Opening it failed with error code system:3.
16:03:53:296 [14888] | INFO  | Loading image files for textures ...
16:10:34:442 [14888] | INFO  | Redirecting 'IDirect3DDevice9::Reset(156FD800, 0019F68C)' ...
16:10:34:442 [14888] | INFO  | > Dumping presentation parameters:
16:10:34:442 [14888] | INFO  |   +-----------------------------------------+-----------------------------------------+
16:10:34:442 [14888] | INFO  |   | Parameter                               | Value                                   |
16:10:34:442 [14888] | INFO  |   +-----------------------------------------+-----------------------------------------+
16:10:34:442 [14888] | INFO  |   | BackBufferWidth                         | 1                                       |
16:10:34:442 [14888] | INFO  |   | BackBufferHeight                        | 1                                       |
16:10:34:442 [14888] | INFO  |   | BackBufferFormat                        | 22                                      |
16:10:34:442 [14888] | INFO  |   | BackBufferCount                         | 1                                       |
16:10:34:442 [14888] | INFO  |   | MultiSampleType                         | 0                                       |
16:10:34:442 [14888] | INFO  |   | MultiSampleQuality                      | 0                                       |
16:10:34:442 [14888] | INFO  |   | SwapEffect                              | 1                                       |
16:10:34:442 [14888] | INFO  |   | DeviceWindow                            | 000C0912                                |
16:10:34:442 [14888] | INFO  |   | Windowed                                | TRUE                                    |
16:10:34:442 [14888] | INFO  |   | EnableAutoDepthStencil                  | FALSE                                   |
16:10:34:442 [14888] | INFO  |   | AutoDepthStencilFormat                  | 0                                       |
16:10:34:442 [14888] | INFO  |   | Flags                                   | 0                                       |
16:10:34:442 [14888] | INFO  |   | FullScreen_RefreshRateInHz              | 0                                       |
16:10:34:442 [14888] | INFO  |   | PresentationInterval                    | 0x80000000                              |
16:10:34:442 [14888] | INFO  |   +-----------------------------------------+-----------------------------------------+
16:10:34:442 [14888] | INFO  | Destroyed runtime environment on runtime 035BCBA8.
16:10:34:478 [14888] | INFO  | Recreated runtime environment on runtime 035BCBA8.
16:10:34:829 [14888] | WARN  | Skipping effect search path "E:\\RFD\\Roblox\\v463\\Player\\reshade-shaders\\Shaders" since it is not a valid path to a directory. Opening it failed with error code system:3.
16:10:35:398 [14888] | INFO  | Destroyed runtime environment on runtime 035BCBA8.
16:10:35:398 [14888] | WARN  | Reference count for 'IDirect3DSwapChain9' object 15895ED0 is inconsistent: 1, but expected 0.
16:10:35:421 [14888] | INFO  | Exiting ...
16:10:35:421 [14888] | INFO  | Uninstalling 48 hook(s) ...
16:10:35:448 [14888] | INFO  | Exited.
